Archive member included to satisfy reference by file (symbol)

/home/thebester5/Documents/SeniorDesign/AVRCompiler/avr8-gnu-toolchain-linux_x86_64/bin/../lib/gcc/avr/5.4.0/avrxmega3/libgcc.a(_divmodhi4.o)
                              build/default/production/mcc_generated_files/winc/socket/socket.o (__divmodhi4)
/home/thebester5/Documents/SeniorDesign/AVRCompiler/avr8-gnu-toolchain-linux_x86_64/bin/../lib/gcc/avr/5.4.0/avrxmega3/libgcc.a(_exit.o)
                              /opt/microchip/mplabx/v5.25/packs/Microchip/ATmega_DFP/2.0.12/gcc/dev/atmega4808/avrxmega3/crtatmega4808.o (exit)
/home/thebester5/Documents/SeniorDesign/AVRCompiler/avr8-gnu-toolchain-linux_x86_64/bin/../lib/gcc/avr/5.4.0/avrxmega3/libgcc.a(_copy_data.o)
                              build/default/production/http_lib/http_client.o (__do_copy_data)
/home/thebester5/Documents/SeniorDesign/AVRCompiler/avr8-gnu-toolchain-linux_x86_64/bin/../lib/gcc/avr/5.4.0/avrxmega3/libgcc.a(_clear_bss.o)
                              build/default/production/http_lib/http_client.o (__do_clear_bss)
/home/thebester5/Documents/SeniorDesign/AVRCompiler/avr8-gnu-toolchain-linux_x86_64/bin/../lib/gcc/avr/5.4.0/avrxmega3/libgcc.a(_umulhisi3.o)
                              build/default/production/main.o (__umulhisi3)
/home/thebester5/Documents/SeniorDesign/AVRCompiler/avr8-gnu-toolchain-linux_x86_64/bin/../lib/gcc/avr/5.4.0/avrxmega3/libgcc.a(_muluhisi3.o)
                              build/default/production/sensors.o (__muluhisi3)
/home/thebester5/Documents/SeniorDesign/AVRCompiler/avr8-gnu-toolchain-linux_x86_64/bin/../lib/gcc/avr/5.4.0/avrxmega3/libgcc.a(_udivmodhi4.o)
                              /home/thebester5/Documents/SeniorDesign/AVRCompiler/avr8-gnu-toolchain-linux_x86_64/bin/../lib/gcc/avr/5.4.0/avrxmega3/libgcc.a(_divmodhi4.o) (__udivmodhi4)
/home/thebester5/Documents/SeniorDesign/AVRCompiler/avr8-gnu-toolchain-linux_x86_64/bin/../lib/gcc/avr/5.4.0/../../../../avr/lib/avrxmega3/libc.a(atoi.o)
                              build/default/production/mcc_generated_files/cli/cli.o (atoi)
/home/thebester5/Documents/SeniorDesign/AVRCompiler/avr8-gnu-toolchain-linux_x86_64/bin/../lib/gcc/avr/5.4.0/../../../../avr/lib/avrxmega3/libc.a(strtok.o)
                              build/default/production/mcc_generated_files/cli/cli.o (strtok)
/home/thebester5/Documents/SeniorDesign/AVRCompiler/avr8-gnu-toolchain-linux_x86_64/bin/../lib/gcc/avr/5.4.0/../../../../avr/lib/avrxmega3/libc.a(memcpy.o)
                              build/default/production/mcc_generated_files/src/nvmctrl.o (memcpy)
/home/thebester5/Documents/SeniorDesign/AVRCompiler/avr8-gnu-toolchain-linux_x86_64/bin/../lib/gcc/avr/5.4.0/../../../../avr/lib/avrxmega3/libc.a(memset.o)
                              build/default/production/mcc_generated_files/winc/m2m/m2m_wifi.o (memset)
/home/thebester5/Documents/SeniorDesign/AVRCompiler/avr8-gnu-toolchain-linux_x86_64/bin/../lib/gcc/avr/5.4.0/../../../../avr/lib/avrxmega3/libc.a(strchr.o)
                              build/default/production/mcc_generated_files/cli/cli.o (strchr)
/home/thebester5/Documents/SeniorDesign/AVRCompiler/avr8-gnu-toolchain-linux_x86_64/bin/../lib/gcc/avr/5.4.0/../../../../avr/lib/avrxmega3/libc.a(strcmp.o)
                              build/default/production/mcc_generated_files/cli/cli.o (strcmp)
/home/thebester5/Documents/SeniorDesign/AVRCompiler/avr8-gnu-toolchain-linux_x86_64/bin/../lib/gcc/avr/5.4.0/../../../../avr/lib/avrxmega3/libc.a(strcpy.o)
                              build/default/production/main.o (strcpy)
/home/thebester5/Documents/SeniorDesign/AVRCompiler/avr8-gnu-toolchain-linux_x86_64/bin/../lib/gcc/avr/5.4.0/../../../../avr/lib/avrxmega3/libc.a(strncpy.o)
                              build/default/production/mcc_generated_files/cli/cli.o (strncpy)
/home/thebester5/Documents/SeniorDesign/AVRCompiler/avr8-gnu-toolchain-linux_x86_64/bin/../lib/gcc/avr/5.4.0/../../../../avr/lib/avrxmega3/libc.a(strtok_r.o)
                              /home/thebester5/Documents/SeniorDesign/AVRCompiler/avr8-gnu-toolchain-linux_x86_64/bin/../lib/gcc/avr/5.4.0/../../../../avr/lib/avrxmega3/libc.a(strtok.o) (strtok_r)
/home/thebester5/Documents/SeniorDesign/AVRCompiler/avr8-gnu-toolchain-linux_x86_64/bin/../lib/gcc/avr/5.4.0/../../../../avr/lib/avrxmega3/libc.a(mul10.o)
                              /home/thebester5/Documents/SeniorDesign/AVRCompiler/avr8-gnu-toolchain-linux_x86_64/bin/../lib/gcc/avr/5.4.0/../../../../avr/lib/avrxmega3/libc.a(atoi.o) (__mulhi_const_10)
/home/thebester5/Documents/SeniorDesign/AVRCompiler/avr8-gnu-toolchain-linux_x86_64/bin/../lib/gcc/avr/5.4.0/../../../../avr/lib/avrxmega3/libc.a(iob.o)
                              build/default/production/mcc_generated_files/src/usart2.o (__iob)
/home/thebester5/Documents/SeniorDesign/AVRCompiler/avr8-gnu-toolchain-linux_x86_64/bin/../lib/gcc/avr/5.4.0/../../../../avr/lib/avrxmega3/libc.a(printf.o)
[...]
Memory Configuration

Name             Origin             Length             Attributes
text             0x0000000000000000 0x000000000000c000 xr
data             0x0000000000802000 0x0000000000001800 rw !x
eeprom           0x0000000000810000 0x0000000000000100 rw !x
fuse             0x0000000000820000 0x0000000000000009 rw !x
lock             0x0000000000830000 0x0000000000000400 rw !x
signature        0x0000000000840000 0x0000000000000400 rw !x
user_signatures  0x0000000000850000 0x0000000000000400 rw !x
*default*        0x0000000000000000 0xffffffffffffffff

Linker script and memory map

Address of section .data set to 0x802800
                0x0000000000004000                __RODATA_PM_OFFSET__ = 0x4000
LOAD /opt/microchip/mplabx/v5.25/packs/Microchip/ATmega_DFP/2.0.12/gcc/dev/atmega4808/avrxmega3/crtatmega4808.o
LOAD build/default/production/http_lib/http_client.o
LOAD build/default/production/mcc_generated_files/cli/cli.o
LOAD build/default/production/mcc_generated_files/drivers/spi_master.o
LOAD build/default/production/mcc_generated_files/drivers/uart.o
LOAD build/default/production/mcc_generated_files/drivers/timeout.o
LOAD build/default/production/mcc_generated_files/drivers/i2c_simple_master.o
LOAD build/default/production/mcc_generated_files/examples/winc_example.o
LOAD build/default/production/mcc_generated_files/examples/twi0_master_example.o
LOAD build/default/production/mcc_generated_files/src/pin_manager.o
LOAD build/default/production/mcc_generated_files/src/cpuint.o
LOAD build/default/production/mcc_generated_files/src/spi0.o
LOAD build/default/production/mcc_generated_files/src/protected_io.o
LOAD build/default/production/mcc_generated_files/src/usart2.o
LOAD build/default/production/mcc_generated_files/src/rtc.o
LOAD build/default/production/mcc_generated_files/src/twi0_master.o
LOAD build/default/production/mcc_generated_files/src/nvmctrl.o
LOAD build/default/production/mcc_generated_files/src/adc0.o
LOAD build/default/production/mcc_generated_files/winc/driver/winc_spi.o
LOAD build/default/production/mcc_generated_files/winc/driver/winc_adapter.o
LOAD build/default/production/mcc_generated_files/winc/driver/winc_hif.o
LOAD build/default/production/mcc_generated_files/winc/driver/winc_asic.o
LOAD build/default/production/mcc_generated_files/winc/driver/winc_drv.o
LOAD build/default/production/mcc_generated_files/winc/m2m/m2m_ssl.o
LOAD build/default/production/mcc_generated_files/winc/m2m/m2m_wifi.o
LOAD build/default/production/mcc_generated_files/winc/m2m/m2m_periph.o
LOAD build/default/production/mcc_generated_files/winc/m2m/m2m_ota.o
LOAD build/default/production/mcc_generated_files/winc/m2m/m2m_fwinfo.o
LOAD build/default/production/mcc_generated_files/winc/m2m/m2m_crypto.o
LOAD build/default/production/mcc_generated_files/winc/socket/socket.o
LOAD build/default/production/mcc_generated_files/winc/spi_flash/flexible_flash.o
LOAD build/default/production/mcc_generated_files/winc/spi_flash/spi_flash.o
LOAD build/default/production/mcc_generated_files/mcc.o
LOAD build/default/production/mcc_generated_files/device_config.o
LOAD build/default/production/mcc_generated_files/led.o
LOAD build/default/production/mcc_generated_files/delay.o
LOAD build/default/production/main.o
LOAD build/default/production/sensors.o
                0x0000000000000001                __MPLAB_BUILD = 0x1
START GROUP
LOAD /home/thebester5/Documents/SeniorDesign/AVRCompiler/avr8-gnu-toolchain-linux_x86_64/bin/../lib/gcc/avr/5.4.0/../../../../avr/lib/avrxmega3/libm.a
END GROUP
START GROUP
LOAD /home/thebester5/Documents/SeniorDesign/AVRCompiler/avr8-gnu-toolchain-linux_x86_64/bin/../lib/gcc/avr/5.4.0/avrxmega3/libgcc.a
LOAD /home/thebester5/Documents/SeniorDesign/AVRCompiler/avr8-gnu-toolchain-linux_x86_64/bin/../lib/gcc/avr/5.4.0/../../../../avr/lib/avrxmega3/libm.a
LOAD /home/thebester5/Documents/SeniorDesign/AVRCompiler/avr8-gnu-toolchain-linux_x86_64/bin/../lib/gcc/avr/5.4.0/../../../../avr/lib/avrxmega3/libc.a
LOAD /opt/microchip/mplabx/v5.25/packs/Microchip/ATmega_DFP/2.0.12/gcc/dev/atmega4808/avrxmega3/libatmega4808.a
END GROUP
                [0x000000000000c000]                __TEXT_REGION_LENGTH__ = DEFINED (__TEXT_REGION_LENGTH__)?__TEXT_REGION_LENGTH__:0x100000
                [0x0000000000001800]                __DATA_REGION_LENGTH__ = DEFINED (__DATA_REGION_LENGTH__)?__DATA_REGION_LENGTH__:0xffa0
                [0x0000000000000100]                __EEPROM_REGION_LENGTH__ = DEFINED (__EEPROM_REGION_LENGTH__)?__EEPROM_REGION_LENGTH__:0x10000
                [0x0000000000000009]                __FUSE_REGION_LENGTH__ = DEFINED (__FUSE_REGION_LENGTH__)?__FUSE_REGION_LENGTH__:0x400
                0x0000000000000400                __LOCK_REGION_LENGTH__ = DEFINED (__LOCK_REGION_LENGTH__)?__LOCK_REGION_LENGTH__:0x400
                0x0000000000000400                __SIGNATURE_REGION_LENGTH__ = DEFINED (__SIGNATURE_REGION_LENGTH__)?__SIGNATURE_REGION_LENGTH__:0x400
                0x0000000000000400                __USER_SIGNATURE_REGION_LENGTH__ = DEFINED (__USER_SIGNATURE_REGION_LENGTH__)?__USER_SIGNATURE_REGION_LENGTH__:0x400
                0x0000000000008000                __RODATA_PM_OFFSET__ = DEFINED (__RODATA_PM_OFFSET__)?__RODATA_PM_OFFSET__:0x8000

.hash
 *(.hash)

.dynsym
 *(.dynsym)

.dynstr
 *(.dynstr)

.gnu.version
 *(.gnu.version)

.gnu.version_d
 *(.gnu.version_d)

.gnu.version_r
 *(.gnu.version_r)

.rel.init
 *(.rel.init)

.rela.init
 *(.rela.init)

.rel.text
 *(.rel.text)
 *(.rel.text.*)
 *(.rel.gnu.linkonce.t*)

.rela.text
 *(.rela.text)
 *(.rela.text.*)
 *(.rela.gnu.linkonce.t*)

.rel.fini
 *(.rel.fini)

.rela.fini
 *(.rela.fini)

.rel.rodata
 *(.rel.rodata)
 *(.rel.rodata.*)
 *(.rel.gnu.linkonce.r*)

.rela.rodata
 *(.rela.rodata)
 *(.rela.rodata.*)
 *(.rela.gnu.linkonce.r*)

.rel.data
 *(.rel.data)
 *(.rel.data.*)
 *(.rel.gnu.linkonce.d*)

.rela.data
 *(.rela.data)
 *(.rela.data.*)
 *(.rela.gnu.linkonce.d*)

.rel.ctors
 *(.rel.ctors)

.rela.ctors
 *(.rela.ctors)

.rel.dtors
 *(.rel.dtors)

.rela.dtors
 *(.rela.dtors)

.rel.got
 *(.rel.got)

.rela.got
 *(.rela.got)

.rel.bss
 *(.rel.bss)

.rela.bss
 *(.rela.bss)

.rel.plt
 *(.rel.plt)

.rela.plt
 *(.rela.plt)

.text           0x0000000000000000     0x4ace
 *(.vectors)
 .vectors       0x0000000000000000       0x90 /opt/microchip/mplabx/v5.25/packs/Microchip/ATmega_DFP/2.0.12/gcc/dev/atmega4808/avrxmega3/crtatmega4808.o
                0x0000000000000000                __vectors
                0x0000000000000000                __vector_default
 *(.vectors)
 *(.progmem.gcc*)
                0x0000000000000090                . = ALIGN (0x2)
                0x0000000000000090                __trampolines_start = .
 *(.trampolines)
 .trampolines   0x0000000000000090        0x0 linker stubs
 *(.trampolines*)
                0x0000000000000090                __trampolines_end = .
 *libprintf_flt.a:*(.progmem.data)
 *libc.a:*(.progmem.data)
 *(.progmem*)
                0x0000000000000090                . = ALIGN (0x2)
 *(.jumptables)
 *(.jumptables*)
 *(.lowtext)
 *(.lowtext*)
                0x0000000000000090                __ctors_start = .
 *(.ctors)
                0x0000000000000090                __ctors_end = .
                0x0000000000000090                __dtors_start = .
 *(.dtors)
                0x0000000000000090                __dtors_end = .
 SORT(*)(.ctors)
 SORT(*)(.dtors)
 *(.init0)
 .init0         0x0000000000000090        0x0 /opt/microchip/mplabx/v5.25/packs/Microchip/ATmega_DFP/2.0.12/gcc/dev/atmega4808/avrxmega3/crtatmega4808.o
                0x0000000000000090                __init
 *(.init0)
 *(.init1)
 *(.init1)
 *(.init2)
 .init2         0x0000000000000090        0xc /opt/microchip/mplabx/v5.25/packs/Microchip/ATmega_DFP/2.0.12/gcc/dev/atmega4808/avrxmega3/crtatmega4808.o
 *(.init2)
 *(.init3)
 *(.init3)
 *(.init4)
 .init4         0x000000000000009c       0x16 /home/thebester5/Documents/SeniorDesign/AVRCompiler/avr8-gnu-toolchain-linux_x86_64/bin/../lib/gcc/avr/5.4.0/avrxmega3/libgcc.a(_copy_data.o)
                0x000000000000009c                __do_copy_data
 .init4         0x00000000000000b2       0x10 /home/thebester5/Documents/SeniorDesign/AVRCompiler/avr8-gnu-toolchain-linux_x86_64/bin/../lib/gcc/avr/5.4.0/avrxmega3/libgcc.a(_clear_bss.o)
                0x00000000000000b2                __do_clear_bss
 *(.init4)
 *(.init5)
 *(.init5)
 *(.init6)
 *(.init6)
 *(.init7)
 *(.init7)
 *(.init8)
 *(.init8)
 *(.init9)
 .init9         0x00000000000000c2        0x8 /opt/microchip/mplabx/v5.25/packs/Microchip/ATmega_DFP/2.0.12/gcc/dev/atmega4808/avrxmega3/crtatmega4808.o
 *(.init9)
 *(.text)
 .text          0x00000000000000ca        0x4 /opt/microchip/mplabx/v5.25/packs/Microchip/ATmega_DFP/2.0.12/gcc/dev/atmega4808/avrxmega3/crtatmega4808.o
                0x00000000000000ca                __vector_28
                0x00000000000000ca                __vector_1
                0x00000000000000ca                __vector_34
                0x00000000000000ca                __vector_24
                0x00000000000000ca                __vector_12
                0x00000000000000ca                __bad_interrupt
                0x00000000000000ca                __vector_6
                0x00000000000000ca                __vector_35
                0x00000000000000ca                __vector_25
                0x00000000000000ca                __vector_11
                0x00000000000000ca                __vector_13
                0x00000000000000ca                __vector_17
                0x00000000000000ca                __vector_19
                0x00000000000000ca                __vector_7
                0x00000000000000ca                __vector_27
                0x00000000000000ca                __vector_5
                0x00000000000000ca                __vector_9
                0x00000000000000ca                __vector_21
                0x00000000000000ca                __vector_15
                0x00000000000000ca                __vector_8
                0x00000000000000ca                __vector_26
                0x00000000000000ca                __vector_14
                0x00000000000000ca                __vector_10
                0x00000000000000ca                __vector_16
                0x00000000000000ca                __vector_18
                0x00000000000000ca                __vector_20
                0x00000000000000ce                . = ALIGN (0x2)
 *(.text.*)
 .text.readHTTPMessage
                0x00000000000000ce      0x248 build/default/production/http_lib/http_client.o
 .text.http_socket_cb
                0x0000000000000316       0xfc build/default/production/http_lib/http_client.o
 .text.http_client_communication
                0x0000000000000412      0x15c build/default/production/http_lib/http_client.o
                0x0000000000000412                http_client_communication
 .text.initializeClient
                0x000000000000056e       0x10 build/default/production/http_lib/http_client.o
                0x000000000000056e                initializeClient
 .text.reset_cmd
                0x000000000000057e       0x1a build/default/production/mcc_generated_files/cli/cli.o
                0x000000000000057e                reset_cmd
 .text.setDeviceID
                0x0000000000000598        0xa build/default/production/mcc_generated_files/cli/cli.o
                0x0000000000000598                setDeviceID
 .text.set_wifi_auth
                0x00000000000005a2       0xe4 build/default/production/mcc_generated_files/cli/cli.o
                0x00000000000005a2                set_wifi_auth
 .text.getTime  0x0000000000000686       0x1e build/default/production/mcc_generated_files/cli/cli.o
                0x0000000000000686                getTime
 .text.CLI_init
                0x00000000000006a4       0x36 build/default/production/mcc_generated_files/cli/cli.o
                0x00000000000006a4                CLI_init
 .text.command_recieved
                0x00000000000006da       0xce build/default/production/mcc_generated_files/cli/cli.o
                0x00000000000006da                command_recieved
 .text.CLI_task
                0x00000000000007a8       0xb0 build/default/production/mcc_generated_files/cli/cli.o
                0x00000000000007a8                CLI_task
 .text.WINC_open
                0x0000000000000858        0x6 build/default/production/mcc_generated_files/drivers/spi_master.o
                0x0000000000000858                WINC_open
 .text.dummyHandler
                0x000000000000085e        0x8 build/default/production/mcc_generated_files/drivers/timeout.o
                0x000000000000085e                dummyHandler
 .text.sortedInsert
                0x0000000000000866      0x1e2 build/default/production/mcc_generated_files/drivers/timeout.o
                0x0000000000000866                sortedInsert
 .text.startTimerAtHead
                0x0000000000000a48      0x104 build/default/production/mcc_generated_files/drivers/timeout.o
                0x0000000000000a48                startTimerAtHead
 .text.timeout_isr
                0x0000000000000b4c       0x86 build/default/production/mcc_generated_files/drivers/timeout.o
                0x0000000000000b4c                timeout_isr
 .text.timeout_deleteHelper
                0x0000000000000bd2       0x9a build/default/production/mcc_generated_files/drivers/timeout.o
                0x0000000000000bd2                timeout_deleteHelper
 .text.timeout_delete
                0x0000000000000c6c       0x28 build/default/production/mcc_generated_files/drivers/timeout.o
                0x0000000000000c6c                timeout_delete
 .text.timeout_initialize
                0x0000000000000c94        0x8 build/default/production/mcc_generated_files/drivers/timeout.o
                0x0000000000000c94                timeout_initialize
 .text.timeout_create
                0x0000000000000c9c       0xce build/default/production/mcc_generated_files/drivers/timeout.o
                0x0000000000000c9c                timeout_create
 .text.timeout_callNextCallback
                0x0000000000000d6a       0x72 build/default/production/mcc_generated_files/drivers/timeout.o
                0x0000000000000d6a                timeout_callNextCallback
 .text.wr1RegCompleteHandler
                0x0000000000000ddc       0x18 build/default/production/mcc_generated_files/drivers/i2c_simple_master.o
 .text.rd2RegCompleteHandler
                0x0000000000000df4       0x18 build/default/production/mcc_generated_files/drivers/i2c_simple_master.o
 .text.i2c_write1ByteRegister
                0x0000000000000e0c       0x5a build/default/production/mcc_generated_files/drivers/i2c_simple_master.o
                0x0000000000000e0c                i2c_write1ByteRegister
 .text.i2c_read2ByteRegister
                0x0000000000000e66       0x66 build/default/production/mcc_generated_files/drivers/i2c_simple_master.o
                0x0000000000000e66                i2c_read2ByteRegister
 .text.PORTF_WAKE_DefaultInterruptHandler
                0x0000000000000ecc        0x2 build/default/production/mcc_generated_files/src/pin_manager.o
                0x0000000000000ecc                PORTF_WAKE_DefaultInterruptHandler
 .text.PORTF_PF1_DefaultInterruptHandler
                0x0000000000000ece        0x2 build/default/production/mcc_generated_files/src/pin_manager.o
                0x0000000000000ece                PORTF_PF1_DefaultInterruptHandler
 .text.PORTF_PF0_DefaultInterruptHandler
                0x0000000000000ed0        0x2 build/default/production/mcc_generated_files/src/pin_manager.o
                0x0000000000000ed0                PORTF_PF0_DefaultInterruptHandler
 .text.PORTF_CE_DefaultInterruptHandler
                0x0000000000000ed2        0x2 build/default/production/mcc_generated_files/src/pin_manager.o
                0x0000000000000ed2                PORTF_CE_DefaultInterruptHandler
 .text.PORTF_INT_DefaultInterruptHandler
                0x0000000000000ed4        0x2 build/default/production/mcc_generated_files/src/pin_manager.o
                0x0000000000000ed4                PORTF_INT_DefaultInterruptHandler
 .text.PORTF_PF5_DefaultInterruptHandler
                0x0000000000000ed6        0x2 build/default/production/mcc_generated_files/src/pin_manager.o
                0x0000000000000ed6                PORTF_PF5_DefaultInterruptHandler
 .text.PORT_Initialize
                0x0000000000000ed8       0x6e build/default/production/mcc_generated_files/src/pin_manager.o
                0x0000000000000ed8                PORT_Initialize
 .text.PIN_MANAGER_Initialize
                0x0000000000000f46      0x144 build/default/production/mcc_generated_files/src/pin_manager.o
                0x0000000000000f46                PIN_MANAGER_Initialize
 .text.PORTF_INT_SetInterruptHandler
                0x000000000000108a        0xa build/default/production/mcc_generated_files/src/pin_manager.o
                0x000000000000108a                PORTF_INT_SetInterruptHandler
 .text.__vector_29
                0x0000000000001094       0xa6 build/default/production/mcc_generated_files/src/pin_manager.o
                0x0000000000001094                __vector_29
 .text.CPUINT_Initialize
                0x000000000000113a       0x18 build/default/production/mcc_generated_files/src/cpuint.o
                0x000000000000113a                CPUINT_Initialize
 .text.SPI0_Initialize
                0x0000000000001152       0x16 build/default/production/mcc_generated_files/src/spi0.o
                0x0000000000001152                SPI0_Initialize
 .text.SPI0_OpenConfiguration
                0x0000000000001168       0x2e build/default/production/mcc_generated_files/src/spi0.o
                0x0000000000001168                SPI0_OpenConfiguration
 .text.SPI0_Close
                0x0000000000001196        0x6 build/default/production/mcc_generated_files/src/spi0.o
                0x0000000000001196                SPI0_Close
 .text.SPI0_ExchangeByte
                0x000000000000119c       0x12 build/default/production/mcc_generated_files/src/spi0.o
                0x000000000000119c                SPI0_ExchangeByte
 .text.SPI0_ExchangeBlock
                0x00000000000011ae       0x28 build/default/production/mcc_generated_files/src/spi0.o
                0x00000000000011ae                SPI0_ExchangeBlock
 .text.SPI0_WriteBlock
                0x00000000000011d6       0x26 build/default/production/mcc_generated_files/src/spi0.o
                0x00000000000011d6                SPI0_WriteBlock
 .text.SPI0_ReadBlock
                0x00000000000011fc       0x26 build/default/production/mcc_generated_files/src/spi0.o
                0x00000000000011fc                SPI0_ReadBlock
 .text.SPI0_WriteByte
                0x0000000000001222        0x6 build/default/production/mcc_generated_files/src/spi0.o
                0x0000000000001222                SPI0_WriteByte
 .text.SPI0_ReadByte
                0x0000000000001228        0x6 build/default/production/mcc_generated_files/src/spi0.o
                0x0000000000001228                SPI0_ReadByte
 .text.protected_write_io
                0x000000000000122e        0x8 build/default/production/mcc_generated_files/src/protected_io.o
                0x000000000000122e                protected_write_io
 .text.USART_0_DefaultRxIsrCb
                0x0000000000001236       0x2c build/default/production/mcc_generated_files/src/usart2.o
                0x0000000000001236                USART_0_DefaultRxIsrCb
 .text.USART_0_DefaultTxIsrCb
                0x0000000000001262       0x3e build/default/production/mcc_generated_files/src/usart2.o
                0x0000000000001262                USART_0_DefaultTxIsrCb
 .text.__vector_31
                0x00000000000012a0       0x52 build/default/production/mcc_generated_files/src/usart2.o
                0x00000000000012a0                __vector_31
 .text.__vector_32
                0x00000000000012f2       0x52 build/default/production/mcc_generated_files/src/usart2.o
                0x00000000000012f2                __vector_32
 .text.__vector_33
                0x0000000000001344       0x2a build/default/production/mcc_generated_files/src/usart2.o
                0x0000000000001344                __vector_33
 .text.USART_0_IsRxReady
                0x000000000000136e        0xe build/default/production/mcc_generated_files/src/usart2.o
                0x000000000000136e                USART_0_IsRxReady
 .text.USART_0_Read
                0x000000000000137c       0x32 build/default/production/mcc_generated_files/src/usart2.o
                0x000000000000137c                USART_0_Read
 .text.USART_0_Write
                0x00000000000013ae       0x3e build/default/production/mcc_generated_files/src/usart2.o
                0x00000000000013ae                USART_0_Write
 .text.USART_0_printCHAR
                0x00000000000013ec        0xa build/default/production/mcc_generated_files/src/usart2.o
                0x00000000000013ec                USART_0_printCHAR
 .text.USART_0_Initialize
                0x00000000000013f6       0x46 build/default/production/mcc_generated_files/src/usart2.o
                0x00000000000013f6                USART_0_Initialize
 .text.RTC_Initialize
                0x000000000000143c       0x46 build/default/production/mcc_generated_files/src/rtc.o
                0x000000000000143c                RTC_Initialize
 .text.RTC_SetOVFIsrCallback
                0x0000000000001482        0xa build/default/production/mcc_generated_files/src/rtc.o
                0x0000000000001482                RTC_SetOVFIsrCallback
 .text.__vector_3
                0x000000000000148c       0x76 build/default/production/mcc_generated_files/src/rtc.o
                0x000000000000148c                __vector_3
 .text.__vector_4
                0x0000000000001502       0x58 build/default/production/mcc_generated_files/src/rtc.o
                0x0000000000001502                __vector_4
 .text.RTC_WriteCounter
                0x000000000000155a       0x14 build/default/production/mcc_generated_files/src/rtc.o
                0x000000000000155a                RTC_WriteCounter
 .text.RTC_ReadCounter
                0x000000000000156e        0xa build/default/production/mcc_generated_files/src/rtc.o
                0x000000000000156e                RTC_ReadCounter
 .text.RTC_EnableOVFInterrupt
                0x0000000000001578        0xc build/default/production/mcc_generated_files/src/rtc.o
                0x0000000000001578                RTC_EnableOVFInterrupt
 .text.RTC_DisableOVFInterrupt
                0x0000000000001584        0xc build/default/production/mcc_generated_files/src/rtc.o
                0x0000000000001584                RTC_DisableOVFInterrupt
 .text.RTC_ClearOVFInterruptFlag
                0x0000000000001590        0xc build/default/production/mcc_generated_files/src/rtc.o
                0x0000000000001590                RTC_ClearOVFInterruptFlag
 .text.RTC_IsOVFInterruptEnabled
                0x000000000000159c        0xe build/default/production/mcc_generated_files/src/rtc.o
                0x000000000000159c                RTC_IsOVFInterruptEnabled
 .text.I2C0_DO_RESET
                0x00000000000015aa       0x22 build/default/production/mcc_generated_files/src/twi0_master.o
 .text.I2C0_DO_IDLE
                0x00000000000015cc       0x12 build/default/production/mcc_generated_files/src/twi0_master.o
 .text.I2C0_DO_SEND_STOP
                0x00000000000015de       0x1c build/default/production/mcc_generated_files/src/twi0_master.o
 .text.I2C0_DO_SEND_ADR_READ
                0x00000000000015fa       0x1a build/default/production/mcc_generated_files/src/twi0_master.o
 .text.I2C0_DO_SEND_RESTART
                0x0000000000001614        0x4 build/default/production/mcc_generated_files/src/twi0_master.o
 .text.I2C0_DO_SEND_RESTART_READ
                0x0000000000001618        0x4 build/default/production/mcc_generated_files/src/twi0_master.o
 .text.I2C0_DO_SEND_ADR_WRITE
                0x000000000000161c       0x18 build/default/production/mcc_generated_files/src/twi0_master.o
 .text.I2C0_DO_SEND_RESTART_WRITE
                0x0000000000001634        0x4 build/default/production/mcc_generated_files/src/twi0_master.o
 .text.I2C0_DO_RX_ACK
                0x0000000000001638        0xe build/default/production/mcc_generated_files/src/twi0_master.o
 .text.I2C0_DO_TX_ACK
                0x0000000000001646        0xe build/default/production/mcc_generated_files/src/twi0_master.o
 .text.I2C0_DO_RX_NACK_STOP
                0x0000000000001654       0x22 build/default/production/mcc_generated_files/src/twi0_master.o
 .text.I2C0_DO_RX_NACK_RESTART
                0x0000000000001676        0xe build/default/production/mcc_generated_files/src/twi0_master.o
 .text.I2C0_DO_BUS_ERROR
                0x0000000000001684       0x24 build/default/production/mcc_generated_files/src/twi0_master.o
 .text.I2C0_MasterIsr
                0x00000000000016a8       0x60 build/default/production/mcc_generated_files/src/twi0_master.o
 .text.I2C0_DO_BUS_COLLISION
                0x0000000000001708       0x82 build/default/production/mcc_generated_files/src/twi0_master.o
 .text.I2C0_DO_ADDRESS_NACK
                0x000000000000178a       0x78 build/default/production/mcc_generated_files/src/twi0_master.o
 .text.I2C0_DO_TX
                0x0000000000001802       0xb2 build/default/production/mcc_generated_files/src/twi0_master.o
 .text.I2C0_DO_TX_EMPTY
                0x00000000000018b4       0x9c build/default/production/mcc_generated_files/src/twi0_master.o
 .text.I2C0_DO_RX
                0x0000000000001950       0xe2 build/default/production/mcc_generated_files/src/twi0_master.o
 .text.I2C0_RETURN_RESET
                0x0000000000001a32        0x4 build/default/production/mcc_generated_files/src/twi0_master.o
 .text.I2C0_RETURN_STOP
                0x0000000000001a36        0x4 build/default/production/mcc_generated_files/src/twi0_master.o
 .text.I2C0_SetDataCompleteCallback
                0x0000000000001a3a       0x2c build/default/production/mcc_generated_files/src/twi0_master.o
                0x0000000000001a3a                I2C0_SetDataCompleteCallback
 .text.I2C0_SetAddressNackCallback
                0x0000000000001a66       0x2c build/default/production/mcc_generated_files/src/twi0_master.o
                0x0000000000001a66                I2C0_SetAddressNackCallback
 .text.I2C0_Initialize
                0x0000000000001a92       0x1c build/default/production/mcc_generated_files/src/twi0_master.o
                0x0000000000001a92                I2C0_Initialize
 .text.I2C0_Open
                0x0000000000001aae       0xa6 build/default/production/mcc_generated_files/src/twi0_master.o
                0x0000000000001aae                I2C0_Open
 .text.I2C0_Close
                0x0000000000001b54       0x4a build/default/production/mcc_generated_files/src/twi0_master.o
                0x0000000000001b54                I2C0_Close
 .text.I2C0_SetBuffer
                0x0000000000001b9e       0x22 build/default/production/mcc_generated_files/src/twi0_master.o
                0x0000000000001b9e                I2C0_SetBuffer
 .text.I2C0_Poller
                0x0000000000001bc0       0x28 build/default/production/mcc_generated_files/src/twi0_master.o
                0x0000000000001bc0                I2C0_Poller
 .text.I2C0_MasterWrite
                0x0000000000001be8       0x24 build/default/production/mcc_generated_files/src/twi0_master.o
                0x0000000000001be8                I2C0_MasterWrite
 .text.I2C0_SetRestartWriteCallback
                0x0000000000001c0c        0x4 build/default/production/mcc_generated_files/src/twi0_master.o
                0x0000000000001c0c                I2C0_SetRestartWriteCallback
 .text.FLASH_Initialize
                0x0000000000001c10       0x16 build/default/production/mcc_generated_files/src/nvmctrl.o
                0x0000000000001c10                FLASH_Initialize
 .text.__vector_30
                0x0000000000001c26       0xd2 build/default/production/mcc_generated_files/src/nvmctrl.o
                0x0000000000001c26                __vector_30
 .text.FLASH_ReadEepromBlock
                0x0000000000001cf8       0x16 build/default/production/mcc_generated_files/src/nvmctrl.o
                0x0000000000001cf8                FLASH_ReadEepromBlock
 .text.FLASH_WriteEepromBlock
                0x0000000000001d0e       0x40 build/default/production/mcc_generated_files/src/nvmctrl.o
                0x0000000000001d0e                FLASH_WriteEepromBlock
 .text.ADC0_Initialize
                0x0000000000001d4e       0x2a build/default/production/mcc_generated_files/src/adc0.o
                0x0000000000001d4e                ADC0_Initialize
 .text.ADC0_GetConversion
                0x0000000000001d78       0x22 build/default/production/mcc_generated_files/src/adc0.o
                0x0000000000001d78                ADC0_GetConversion
 .text.__vector_23
                0x0000000000001d9a       0x58 build/default/production/mcc_generated_files/src/adc0.o
                0x0000000000001d9a                __vector_23
 .text.__vector_22
                0x0000000000001df2       0x1e build/default/production/mcc_generated_files/src/adc0.o
                0x0000000000001df2                __vector_22
 .text.spi_rsp  0x0000000000001e10       0x6c build/default/production/mcc_generated_files/winc/driver/winc_spi.o
 .text.spi_data_read
                0x0000000000001e7c       0x64 build/default/production/mcc_generated_files/winc/driver/winc_spi.o
 .text.spi_cmd_send
                0x0000000000001ee0       0x30 build/default/production/mcc_generated_files/winc/driver/winc_spi.o
 .text.spi_read_reg
                0x0000000000001f10       0x8e build/default/production/mcc_generated_files/winc/driver/winc_spi.o
 .text.winc_bus_read_reg_with_ret.part.3
                0x0000000000001f9e       0x18 build/default/production/mcc_generated_files/winc/driver/winc_spi.o
 .text.winc_bus_write_reg.part.2
                0x0000000000001fb6       0x72 build/default/production/mcc_generated_files/winc/driver/winc_spi.o
 .text.winc_bus_write_reg
                0x0000000000002028       0x10 build/default/production/mcc_generated_files/winc/driver/winc_spi.o
                0x0000000000002028                winc_bus_write_reg
 .text.winc_bus_write_block
                0x0000000000002038       0xfa build/default/production/mcc_generated_files/winc/driver/winc_spi.o
                0x0000000000002038                winc_bus_write_block
 .text.winc_bus_read_block
                0x0000000000002132       0xa4 build/default/production/mcc_generated_files/winc/driver/winc_spi.o
                0x0000000000002132                winc_bus_read_block
 .text.winc_bus_init
                0x00000000000021d6        0xe build/default/production/mcc_generated_files/winc/driver/winc_spi.o
                0x00000000000021d6                winc_bus_init
 .text.winc_bus_deinit
                0x00000000000021e4        0xa build/default/production/mcc_generated_files/winc/driver/winc_spi.o
                0x00000000000021e4                winc_bus_deinit
 .text.winc_bus_read_reg
                0x00000000000021ee       0x52 build/default/production/mcc_generated_files/winc/driver/winc_spi.o
                0x00000000000021ee                winc_bus_read_reg
 .text.winc_bus_read_reg_with_ret
                0x0000000000002240       0x10 build/default/production/mcc_generated_files/winc/driver/winc_spi.o
                0x0000000000002240                winc_bus_read_reg_with_ret
 .text.winc_bus_set_reg_bits
                0x0000000000002250       0xac build/default/production/mcc_generated_files/winc/driver/winc_spi.o
                0x0000000000002250                winc_bus_set_reg_bits
 .text.winc_bus_clear_reg_bits
                0x00000000000022fc       0xaa build/default/production/mcc_generated_files/winc/driver/winc_spi.o
                0x00000000000022fc                winc_bus_clear_reg_bits
 .text.winc_bus_error
                0x00000000000023a6        0x6 build/default/production/mcc_generated_files/winc/driver/winc_spi.o
                0x00000000000023a6                winc_bus_error
 .text.winc_interrupt_handler
                0x00000000000023ac       0x10 build/default/production/mcc_generated_files/winc/driver/winc_adapter.o
 .text.winc_adapter_interrupt_request_pending
                0x00000000000023bc        0xe build/default/production/mcc_generated_files/winc/driver/winc_adapter.o
                0x00000000000023bc                winc_adapter_interrupt_request_pending
 .text.winc_adapter_interrupt_serviced
                0x00000000000023ca       0x2e build/default/production/mcc_generated_files/winc/driver/winc_adapter.o
                0x00000000000023ca                winc_adapter_interrupt_serviced
 .text.winc_adapter_init
                0x00000000000023f8       0x12 build/default/production/mcc_generated_files/winc/driver/winc_adapter.o
                0x00000000000023f8                winc_adapter_init
 .text.winc_adapter_sleep
                0x000000000000240a       0x38 build/default/production/mcc_generated_files/winc/driver/winc_adapter.o
                0x000000000000240a                winc_adapter_sleep
 .text.winc_adapter_chip_enable_assert
                0x0000000000002442        0x8 build/default/production/mcc_generated_files/winc/driver/winc_adapter.o
                0x0000000000002442                winc_adapter_chip_enable_assert
 .text.winc_adapter_chip_enable_deassert
                0x000000000000244a        0x8 build/default/production/mcc_generated_files/winc/driver/winc_adapter.o
                0x000000000000244a                winc_adapter_chip_enable_deassert
 .text.winc_adapter_reset_assert
                0x0000000000002452        0x8 build/default/production/mcc_generated_files/winc/driver/winc_adapter.o
                0x0000000000002452                winc_adapter_reset_assert
 .text.winc_adapter_reset_deassert
                0x000000000000245a        0x8 build/default/production/mcc_generated_files/winc/driver/winc_adapter.o
                0x000000000000245a                winc_adapter_reset_deassert
 .text.winc_adapter_spi_open
                0x0000000000002462        0x4 build/default/production/mcc_generated_files/winc/driver/winc_adapter.o
                0x0000000000002462                winc_adapter_spi_open
 .text.winc_adapter_spi_write
                0x0000000000002466       0xa6 build/default/production/mcc_generated_files/winc/driver/winc_adapter.o
                0x0000000000002466                winc_adapter_spi_write
 .text.winc_adapter_spi_read
                0x000000000000250c       0xa6 build/default/production/mcc_generated_files/winc/driver/winc_adapter.o
                0x000000000000250c                winc_adapter_spi_read
 .text.winc_adapter_spi_close
                0x00000000000025b2        0x4 build/default/production/mcc_generated_files/winc/driver/winc_adapter.o
                0x00000000000025b2                winc_adapter_spi_close
 .text.hif_null_cb
                0x00000000000025b6        0x2 build/default/production/mcc_generated_files/winc/driver/winc_hif.o
 .text.winc_hif_chip_wake
                0x00000000000025b8       0x28 build/default/production/mcc_generated_files/winc/driver/winc_hif.o
                0x00000000000025b8                winc_hif_chip_wake
 .text.winc_hif_chip_sleep
                0x00000000000025e0       0x2a build/default/production/mcc_generated_files/winc/driver/winc_hif.o
                0x00000000000025e0                winc_hif_chip_sleep
 .text.winc_hif_init
                0x000000000000260a        0xc build/default/production/mcc_generated_files/winc/driver/winc_hif.o
                0x000000000000260a                winc_hif_init
 .text.winc_hif_send
                0x0000000000002616      0x1e2 build/default/production/mcc_generated_files/winc/driver/winc_hif.o
                0x0000000000002616                winc_hif_send
 .text.winc_hif_send_no_data
                0x00000000000027f8       0x2a build/default/production/mcc_generated_files/winc/driver/winc_hif.o
                0x00000000000027f8                winc_hif_send_no_data
 .text.winc_hif_handle_isr
                0x0000000000002822      0x154 build/default/production/mcc_generated_files/winc/driver/winc_hif.o
                0x0000000000002822                winc_hif_handle_isr
 .text.winc_hif_receive
                0x0000000000002976       0x74 build/default/production/mcc_generated_files/winc/driver/winc_hif.o
                0x0000000000002976                winc_hif_receive
 .text.winc_chip_get_id.part.1
                0x00000000000029ea       0xf4 build/default/production/mcc_generated_files/winc/driver/winc_asic.o
 .text.winc_chip_interrupts_enable
                0x0000000000002ade       0x3c build/default/production/mcc_generated_files/winc/driver/winc_asic.o
                0x0000000000002ade                winc_chip_interrupts_enable
 .text.winc_chip_sleep
                0x0000000000002b1a       0x7c build/default/production/mcc_generated_files/winc/driver/winc_asic.o
                0x0000000000002b1a                winc_chip_sleep
 .text.winc_chip_wake
                0x0000000000002b96       0x80 build/default/production/mcc_generated_files/winc/driver/winc_asic.o
                0x0000000000002b96                winc_chip_wake
 .text.winc_chip_halt
                0x0000000000002c16       0x3c build/default/production/mcc_generated_files/winc/driver/winc_asic.o
                0x0000000000002c16                winc_chip_halt
 .text.winc_chip_init
                0x0000000000002c52      0x242 build/default/production/mcc_generated_files/winc/driver/winc_asic.o
                0x0000000000002c52                winc_chip_init
 .text.winc_drv_init
                0x0000000000002e94       0x76 build/default/production/mcc_generated_files/winc/driver/winc_drv.o
                0x0000000000002e94                winc_drv_init
 .text.winc_drv_start
                0x0000000000002f0a       0x18 build/default/production/mcc_generated_files/winc/driver/winc_drv.o
                0x0000000000002f0a                winc_drv_start
 .text.m2m_validate_ap_parameters
                0x0000000000002f22       0x8e build/default/production/mcc_generated_files/winc/m2m/m2m_wifi.o
 .text.m2m_wifi_get_firmware_version.part.2
                0x0000000000002fb0       0x30 build/default/production/mcc_generated_files/winc/m2m/m2m_wifi.o
 .text.m2m_wifi_cb
                0x0000000000002fe0      0x134 build/default/production/mcc_generated_files/winc/m2m/m2m_wifi.o
                0x0000000000002fe0                m2m_wifi_cb
 .text.m2m_wifi_init_start
                0x0000000000003114       0x80 build/default/production/mcc_generated_files/winc/m2m/m2m_wifi.o
                0x0000000000003114                m2m_wifi_init_start
 .text.m2m_wifi_init
                0x0000000000003194       0x28 build/default/production/mcc_generated_files/winc/m2m/m2m_wifi.o
                0x0000000000003194                m2m_wifi_init
 .text.m2m_wifi_handle_events
                0x00000000000031bc        0x4 build/default/production/mcc_generated_files/winc/m2m/m2m_wifi.o
                0x00000000000031bc                m2m_wifi_handle_events
 .text.m2m_wifi_enable_ap_ext
                0x00000000000031c0       0x42 build/default/production/mcc_generated_files/winc/m2m/m2m_wifi.o
                0x00000000000031c0                m2m_wifi_enable_ap_ext
 .text.m2m_fwinfo_version_check
                0x0000000000003202       0x68 build/default/production/mcc_generated_files/winc/m2m/m2m_fwinfo.o
                0x0000000000003202                m2m_fwinfo_version_check
 .text.m2m_fwinfo_get_firmware_info
                0x000000000000326a       0xb8 build/default/production/mcc_generated_files/winc/m2m/m2m_fwinfo.o
                0x000000000000326a                m2m_fwinfo_get_firmware_info
 .text.m2m_ip_cb
                0x0000000000003322      0x4b2 build/default/production/mcc_generated_files/winc/socket/socket.o
                0x0000000000003322                m2m_ip_cb
 .text.socketInit
                0x00000000000037d4       0x26 build/default/production/mcc_generated_files/winc/socket/socket.o
                0x00000000000037d4                socketInit
 .text.registerSocketCallback
                0x00000000000037fa       0x12 build/default/production/mcc_generated_files/winc/socket/socket.o
                0x00000000000037fa                registerSocketCallback
 .text.socket   0x000000000000380c      0x104 build/default/production/mcc_generated_files/winc/socket/socket.o
                0x000000000000380c                socket
 .text.connect  0x0000000000003910       0x9a build/default/production/mcc_generated_files/winc/socket/socket.o
                0x0000000000003910                connect
 .text.send     0x00000000000039aa       0xc0 build/default/production/mcc_generated_files/winc/socket/socket.o
                0x00000000000039aa                send
 .text.recv     0x0000000000003a6a       0xe4 build/default/production/mcc_generated_files/winc/socket/socket.o
                0x0000000000003a6a                recv
 .text.close    0x0000000000003b4e       0x88 build/default/production/mcc_generated_files/winc/socket/socket.o
                0x0000000000003b4e                close
 .text.__vector_2
                0x0000000000003bd6       0x1e build/default/production/mcc_generated_files/mcc.o
                0x0000000000003bd6                __vector_2
 .text.CLKCTRL_Initialize
                0x0000000000003bf4       0x4c build/default/production/mcc_generated_files/mcc.o
                0x0000000000003bf4                CLKCTRL_Initialize
 .text.SYSTEM_Initialize
                0x0000000000003c40       0x54 build/default/production/mcc_generated_files/mcc.o
                0x0000000000003c40                SYSTEM_Initialize
 .text.LED_test
                0x0000000000003c94       0x82 build/default/production/mcc_generated_files/led.o
                0x0000000000003c94                LED_test
 .text.DELAY_milliseconds
                0x0000000000003d16       0x16 build/default/production/mcc_generated_files/delay.o
                0x0000000000003d16                DELAY_milliseconds
 .text.defaultEEPROM
                0x0000000000003d2c       0x14 build/default/production/main.o
                0x0000000000003d2c                defaultEEPROM
 .text.sendMessage
                0x0000000000003d40       0x10 build/default/production/main.o
                0x0000000000003d40                sendMessage
 .text.wifi_event_cb
                0x0000000000003d50       0x70 build/default/production/main.o
                0x0000000000003d50                wifi_event_cb
 .text.winc_example
                0x0000000000003dc0      0x2ec build/default/production/main.o
                0x0000000000003dc0                winc_example
 .text.startup.main
                0x00000000000040ac      0x1d6 build/default/production/main.o
                0x00000000000040ac                main
 .text.setup    0x0000000000004282        0xa build/default/production/sensors.o
                0x0000000000004282                setup
 .text.SENSORS_getLightValue
                0x000000000000428c        0x6 build/default/production/sensors.o
                0x000000000000428c                SENSORS_getLightValue
 .text.SENSORS_getTempValue
                0x0000000000004292       0x56 build/default/production/sensors.o
                0x0000000000004292                SENSORS_getTempValue
 .text.libgcc.div
                0x00000000000042e8       0x28 /home/thebester5/Documents/SeniorDesign/AVRCompiler/avr8-gnu-toolchain-linux_x86_64/bin/../lib/gcc/avr/5.4.0/avrxmega3/libgcc.a(_divmodhi4.o)
                0x00000000000042e8                __divmodhi4
                0x00000000000042e8                _div
 .text.libgcc.mul
                0x0000000000004310       0x1e /home/thebester5/Documents/SeniorDesign/AVRCompiler/avr8-gnu-toolchain-linux_x86_64/bin/../lib/gcc/avr/5.4.0/avrxmega3/libgcc.a(_umulhisi3.o)
                0x0000000000004310                __umulhisi3
 .text.libgcc.mul
                0x000000000000432e       0x16 /home/thebester5/Documents/SeniorDesign/AVRCompiler/avr8-gnu-toolchain-linux_x86_64/bin/../lib/gcc/avr/5.4.0/avrxmega3/libgcc.a(_muluhisi3.o)
                0x000000000000432e                __muluhisi3
 .text.libgcc.div
                0x0000000000004344       0x28 /home/thebester5/Documents/SeniorDesign/AVRCompiler/avr8-gnu-toolchain-linux_x86_64/bin/../lib/gcc/avr/5.4.0/avrxmega3/libgcc.a(_udivmodhi4.o)
                0x0000000000004344                __udivmodhi4
 .text.avr-libc
                0x000000000000436c       0x3c /home/thebester5/Documents/SeniorDesign/AVRCompiler/avr8-gnu-toolchain-linux_x86_64/bin/../lib/gcc/avr/5.4.0/../../../../avr/lib/avrxmega3/libc.a(atoi.o)
                0x000000000000436c                atoi
 .text.avr-libc
                0x00000000000043a8        0xa /home/thebester5/Documents/SeniorDesign/AVRCompiler/avr8-gnu-toolchain-linux_x86_64/bin/../lib/gcc/avr/5.4.0/../../../../avr/lib/avrxmega3/libc.a(strtok.o)
                0x00000000000043a8                strtok
 .text.avr-libc
                0x00000000000043b2       0x12 /home/thebester5/Documents/SeniorDesign/AVRCompiler/avr8-gnu-toolchain-linux_x86_64/bin/../lib/gcc/avr/5.4.0/../../../../avr/lib/avrxmega3/libc.a(memcpy.o)
                0x00000000000043b2                memcpy
 .text.avr-libc
                0x00000000000043c4       0x16 /home/thebester5/Documents/SeniorDesign/AVRCompiler/avr8-gnu-toolchain-linux_x86_64/bin/../lib/gcc/avr/5.4.0/../../../../avr/lib/avrxmega3/libc.a(strchr.o)
                0x00000000000043c4                strchr
 .text.avr-libc
                0x00000000000043da       0x12 /home/thebester5/Documents/SeniorDesign/AVRCompiler/avr8-gnu-toolchain-linux_x86_64/bin/../lib/gcc/avr/5.4.0/../../../../avr/lib/avrxmega3/libc.a(strcmp.o)
                0x00000000000043da                strcmp
 .text.avr-libc
                0x00000000000043ec        0xe /home/thebester5/Documents/SeniorDesign/AVRCompiler/avr8-gnu-toolchain-linux_x86_64/bin/../lib/gcc/avr/5.4.0/../../../../avr/lib/avrxmega3/libc.a(strcpy.o)
                0x00000000000043ec                strcpy
 .text.avr-libc
                0x00000000000043fa       0x1e /home/thebester5/Documents/SeniorDesign/AVRCompiler/avr8-gnu-toolchain-linux_x86_64/bin/../lib/gcc/avr/5.4.0/../../../../avr/lib/avrxmega3/libc.a(strncpy.o)
                0x00000000000043fa                strncpy
 .text.avr-libc
                0x0000000000004418       0x4e /home/thebester5/Documents/SeniorDesign/AVRCompiler/avr8-gnu-toolchain-linux_x86_64/bin/../lib/gcc/avr/5.4.0/../../../../avr/lib/avrxmega3/libc.a(strtok_r.o)
                0x0000000000004418                strtok_r
 .text.avr-libc
                0x0000000000004466       0x10 /home/thebester5/Documents/SeniorDesign/AVRCompiler/avr8-gnu-toolchain-linux_x86_64/bin/../lib/gcc/avr/5.4.0/../../../../avr/lib/avrxmega3/libc.a(mul10.o)
                0x0000000000004466                __mulhi_const_10
 .text.avr-libc
                0x0000000000004476       0x2c /home/thebester5/Documents/SeniorDesign/AVRCompiler/avr8-gnu-toolchain-linux_x86_64/bin/../lib/gcc/avr/5.4.0/../../../../avr/lib/avrxmega3/libc.a(printf.o)
                0x0000000000004476                printf
 .text.avr-libc
                0x00000000000044a2       0x60 /home/thebester5/Documents/SeniorDesign/AVRCompiler/avr8-gnu-toolchain-linux_x86_64/bin/../lib/gcc/avr/5.4.0/../../../../avr/lib/avrxmega3/libc.a(puts.o)
                0x00000000000044a2                puts
 .text.avr-libc
                0x0000000000004502       0x44 /home/thebester5/Documents/SeniorDesign/AVRCompiler/avr8-gnu-toolchain-linux_x86_64/bin/../lib/gcc/avr/5.4.0/../../../../avr/lib/avrxmega3/libc.a(sprintf.o)
                0x0000000000004502                sprintf
 .text.avr-libc
                0x0000000000004546      0x3c2 /home/thebester5/Documents/SeniorDesign/AVRCompiler/avr8-gnu-toolchain-linux_x86_64/bin/../lib/gcc/avr/5.4.0/../../../../avr/lib/avrxmega3/libc.a(vfprintf_std.o)
                0x0000000000004546                vfprintf
 .text.avr-libc
                0x0000000000004908       0x16 /home/thebester5/Documents/SeniorDesign/AVRCompiler/avr8-gnu-toolchain-linux_x86_64/bin/../lib/gcc/avr/5.4.0/../../../../avr/lib/avrxmega3/libc.a(strnlen_P.o)
                0x0000000000004908                strnlen_P
 .text.avr-libc
                0x000000000000491e       0x16 /home/thebester5/Documents/SeniorDesign/AVRCompiler/avr8-gnu-toolchain-linux_x86_64/bin/../lib/gcc/avr/5.4.0/../../../../avr/lib/avrxmega3/libc.a(strnlen.o)
                0x000000000000491e                strnlen
 .text.avr-libc
                0x0000000000004934       0x78 /home/thebester5/Documents/SeniorDesign/AVRCompiler/avr8-gnu-toolchain-linux_x86_64/bin/../lib/gcc/avr/5.4.0/../../../../avr/lib/avrxmega3/libc.a(fputc.o)
                0x0000000000004934                fputc
 .text.avr-libc
                0x00000000000049ac       0xbc /home/thebester5/Documents/SeniorDesign/AVRCompiler/avr8-gnu-toolchain-linux_x86_64/bin/../lib/gcc/avr/5.4.0/../../../../avr/lib/avrxmega3/libc.a(ultoa_invert.o)
                0x00000000000049ac                __ultoa_invert
 .text.libgcc.prologue
                0x0000000000004a68       0x32 /home/thebester5/Documents/SeniorDesign/AVRCompiler/avr8-gnu-toolchain-linux_x86_64/bin/../lib/gcc/avr/5.4.0/avrxmega3/libgcc.a(_prologue.o)
                0x0000000000004a68                __prologue_saves__
 .text.libgcc.prologue
                0x0000000000004a9a       0x30 /home/thebester5/Documents/SeniorDesign/AVRCompiler/avr8-gnu-toolchain-linux_x86_64/bin/../lib/gcc/avr/5.4.0/avrxmega3/libgcc.a(_epilogue.o)
                0x0000000000004a9a                __epilogue_restores__
                0x0000000000004aca                . = ALIGN (0x2)
 *(.fini9)
 .fini9         0x0000000000004aca        0x0 /home/thebester5/Documents/SeniorDesign/AVRCompiler/avr8-gnu-toolchain-linux_x86_64/bin/../lib/gcc/avr/5.4.0/avrxmega3/libgcc.a(_exit.o)
                0x0000000000004aca                exit
                0x0000000000004aca                _exit
 *(.fini9)
 *(.fini8)
 *(.fini8)
 *(.fini7)
 *(.fini7)
 *(.fini6)
 *(.fini6)
 *(.fini5)
 *(.fini5)
 *(.fini4)
 *(.fini4)
 *(.fini3)
 *(.fini3)
 *(.fini2)
 *(.fini2)
 *(.fini1)
 *(.fini1)
 *(.fini0)
 .fini0         0x0000000000004aca        0x4 /home/thebester5/Documents/SeniorDesign/AVRCompiler/avr8-gnu-toolchain-linux_x86_64/bin/../lib/gcc/avr/5.4.0/avrxmega3/libgcc.a(_exit.o)
 *(.fini0)
                0x0000000000004ace                _etext = .

.rodata         0x0000000000008ace      0x334 load address 0x0000000000004ace
 *(.rodata)
 .rodata        0x0000000000008ace        0x7 build/default/production/main.o
 *(.rodata*)
 .rodata.str1.1
                0x0000000000008ad5      0x18b build/default/production/http_lib/http_client.o
 .rodata.str1.1
                0x0000000000008c60       0x76 build/default/production/mcc_generated_files/cli/cli.o
                                         0x7b (size before relaxing)
 .rodata.commands
                0x0000000000008cd6       0x14 build/default/production/mcc_generated_files/cli/cli.o
                0x0000000000008cd6                commands
 .rodata.spiMaster
                0x0000000000008cea       0x14 build/default/production/mcc_generated_files/drivers/spi_master.o
                0x0000000000008cea                spiMaster
 .rodata.u8CmdBuf.3395
                0x0000000000008cfe        0x9 build/default/production/mcc_generated_files/winc/driver/winc_spi.o
 .rodata.gHifCallbacks
                0x0000000000008d07        0xe build/default/production/mcc_generated_files/winc/driver/winc_hif.o
 .rodata.str1.1
                0x0000000000008d15       0xed build/default/production/main.o
                                         0xf7 (size before relaxing)
 *(.gnu.linkonce.r*)

.data           0x0000000000802800       0x86 load address 0x0000000000004e02
                0x0000000000802800                PROVIDE (__data_start, .)
 *(.data)
 *(.data*)
 .data.tcp_client_socket
                0x0000000000802800        0x1 build/default/production/http_lib/http_client.o
 .data.socket_connected
                0x0000000000802801        0x2 build/default/production/http_lib/http_client.o
                0x0000000000802801                socket_connected
 .data.dummy    0x0000000000802803        0xa build/default/production/mcc_generated_files/drivers/timeout.o
                0x0000000000802803                dummy
 .data.spi0_configurations
                0x000000000080280d        0x4 build/default/production/mcc_generated_files/src/spi0.o
                0x000000000080280d                spi0_configurations
 .data.USART_0_tx_isr_cb
                0x0000000000802811        0x2 build/default/production/mcc_generated_files/src/usart2.o
                0x0000000000802811                USART_0_tx_isr_cb
 .data.USART_0_rx_isr_cb
                0x0000000000802813        0x2 build/default/production/mcc_generated_files/src/usart2.o
                0x0000000000802813                USART_0_rx_isr_cb
 .data.USART_0_stream
                0x0000000000802815        0xe build/default/production/mcc_generated_files/src/usart2.o
                0x0000000000802815                USART_0_stream
 .data.I2C0_fsmStateTable
                0x0000000000802823       0x24 build/default/production/mcc_generated_files/src/twi0_master.o
                0x0000000000802823                I2C0_fsmStateTable
 .data.bSPIBusError
                0x0000000000802847        0x1 build/default/production/mcc_generated_files/winc/driver/winc_spi.o
 .data.WiFiCbTable
                0x0000000000802848       0x2d build/default/production/mcc_generated_files/winc/m2m/m2m_wifi.o
 .data.url      0x0000000000802875       0x10 build/default/production/main.o
                0x0000000000802875                url
 *(.gnu.linkonce.d*)
                0x0000000000802886                . = ALIGN (0x2)
 *fill*         0x0000000000802885        0x1 
                0x0000000000802886                _edata = .
                0x0000000000802886                PROVIDE (__data_end, .)

.bss            0x0000000000802886      0xe0c
                0x0000000000802886                PROVIDE (__bss_start, .)
 *(.bss)
 .bss           0x0000000000802886        0x2 /home/thebester5/Documents/SeniorDesign/AVRCompiler/avr8-gnu-toolchain-linux_x86_64/bin/../lib/gcc/avr/5.4.0/../../../../avr/lib/avrxmega3/libc.a(strtok.o)
 *(.bss*)
 .bss.sendBuffer
                0x0000000000802888      0x3e8 build/default/production/http_lib/http_client.o
 .bss.message   0x0000000000802c70        0x2 build/default/production/http_lib/http_client.o
 .bss.globalConnectionSettings
                0x0000000000802c72        0x2 build/default/production/http_lib/http_client.o
 .bss.test.4511
                0x0000000000802c74        0x1 build/default/production/mcc_generated_files/cli/cli.o
 .bss.commandTooLongFlag
                0x0000000000802c75        0x1 build/default/production/mcc_generated_files/cli/cli.o
                0x0000000000802c75                commandTooLongFlag
 .bss.isCommandReceived
                0x0000000000802c76        0x1 build/default/production/mcc_generated_files/cli/cli.o
                0x0000000000802c76                isCommandReceived
 .bss.isRunning
                0x0000000000802c77        0x1 build/default/production/mcc_generated_files/drivers/timeout.o
                0x0000000000802c77                isRunning
 .bss.lastTimerLoad
                0x0000000000802c78        0x4 build/default/production/mcc_generated_files/drivers/timeout.o
                0x0000000000802c78                lastTimerLoad
 .bss.absoluteTimeofLastTimeout
                0x0000000000802c7c        0x4 build/default/production/mcc_generated_files/drivers/timeout.o
                0x0000000000802c7c                absoluteTimeofLastTimeout
 .bss.executeQueueHead
                0x0000000000802c80        0x2 build/default/production/mcc_generated_files/drivers/timeout.o
                0x0000000000802c80                executeQueueHead
 .bss.listHead  0x0000000000802c82        0x2 build/default/production/mcc_generated_files/drivers/timeout.o
                0x0000000000802c82                listHead
 .bss.PORTF_WAKE_InterruptHandler
                0x0000000000802c84        0x2 build/default/production/mcc_generated_files/src/pin_manager.o
 .bss.PORTF_PF5_InterruptHandler
                0x0000000000802c86        0x2 build/default/production/mcc_generated_files/src/pin_manager.o
 .bss.PORTF_INT_InterruptHandler
                0x0000000000802c88        0x2 build/default/production/mcc_generated_files/src/pin_manager.o
 .bss.PORTF_CE_InterruptHandler
                0x0000000000802c8a        0x2 build/default/production/mcc_generated_files/src/pin_manager.o
 .bss.PORTF_PF0_InterruptHandler
                0x0000000000802c8c        0x2 build/default/production/mcc_generated_files/src/pin_manager.o
 .bss.PORTF_PF1_InterruptHandler
                0x0000000000802c8e        0x2 build/default/production/mcc_generated_files/src/pin_manager.o
 .bss.spi0_desc
                0x0000000000802c90        0x1 build/default/production/mcc_generated_files/src/spi0.o
 .bss.USART_0_tx_elements
                0x0000000000802c91        0x1 build/default/production/mcc_generated_files/src/usart2.o
 .bss.USART_0_tx_tail
                0x0000000000802c92        0x1 build/default/production/mcc_generated_files/src/usart2.o
 .bss.USART_0_tx_head
                0x0000000000802c93        0x1 build/default/production/mcc_generated_files/src/usart2.o
 .bss.USART_0_txbuf
                0x0000000000802c94       0x20 build/default/production/mcc_generated_files/src/usart2.o
 .bss.USART_0_rx_elements
                0x0000000000802cb4        0x1 build/default/production/mcc_generated_files/src/usart2.o
 .bss.USART_0_rx_tail
                0x0000000000802cb5        0x1 build/default/production/mcc_generated_files/src/usart2.o
 .bss.USART_0_rx_head
                0x0000000000802cb6        0x1 build/default/production/mcc_generated_files/src/usart2.o
 .bss.USART_0_rxbuf
                0x0000000000802cb7       0x40 build/default/production/mcc_generated_files/src/usart2.o
 .bss.RTC_PIT_isr_cb
                0x0000000000802cf7        0x2 build/default/production/mcc_generated_files/src/rtc.o
                0x0000000000802cf7                RTC_PIT_isr_cb
 .bss.RTC_CMP_isr_cb
                0x0000000000802cf9        0x2 build/default/production/mcc_generated_files/src/rtc.o
                0x0000000000802cf9                RTC_CMP_isr_cb
 .bss.RTC_OVF_isr_cb
                0x0000000000802cfb        0x2 build/default/production/mcc_generated_files/src/rtc.o
                0x0000000000802cfb                RTC_OVF_isr_cb
 .bss.I2C0_status
                0x0000000000802cfd       0x24 build/default/production/mcc_generated_files/src/twi0_master.o
                0x0000000000802cfd                I2C0_status
 .bss.NVMCTRL_desc
                0x0000000000802d21        0x8 build/default/production/mcc_generated_files/src/nvmctrl.o
 .bss.ADC0_window_cb
                0x0000000000802d29        0x2 build/default/production/mcc_generated_files/src/adc0.o
                0x0000000000802d29                ADC0_window_cb
 .bss.serviceRequest
                0x0000000000802d2b        0x1 build/default/production/mcc_generated_files/winc/driver/winc_adapter.o
 .bss.gbChipPwrSave
                0x0000000000802d2c        0x1 build/default/production/mcc_generated_files/winc/driver/winc_hif.o
 .bss.gu16RxSize
                0x0000000000802d2d        0x2 build/default/production/mcc_generated_files/winc/driver/winc_hif.o
 .bss.gu32RxAddr
                0x0000000000802d2f        0x4 build/default/production/mcc_generated_files/winc/driver/winc_hif.o
 .bss.gu8ChipSleep
                0x0000000000802d33        0x1 build/default/production/mcc_generated_files/winc/driver/winc_hif.o
 .bss.gu32ChipID.3376
                0x0000000000802d34        0x4 build/default/production/mcc_generated_files/winc/driver/winc_asic.o
 .bss.gu8scanInProgress
                0x0000000000802d38        0x1 build/default/production/mcc_generated_files/winc/m2m/m2m_wifi.o
 .bss.gpfAppWifiCb
                0x0000000000802d39        0x2 build/default/production/mcc_generated_files/winc/m2m/m2m_wifi.o
 .bss.gu8WifiState
                0x0000000000802d3b        0x1 build/default/production/mcc_generated_files/winc/m2m/m2m_wifi.o
 .bss.gu8ChNum  0x0000000000802d3c        0x1 build/default/production/mcc_generated_files/winc/m2m/m2m_wifi.o
 .bss.u8NextUdpSock.3531
                0x0000000000802d3d        0x1 build/default/production/mcc_generated_files/winc/socket/socket.o
 .bss.u8NextTcpSock.3530
                0x0000000000802d3e        0x1 build/default/production/mcc_generated_files/winc/socket/socket.o
 .bss.gu32PingId
                0x0000000000802d3f        0x4 build/default/production/mcc_generated_files/winc/socket/socket.o
 .bss.gfpPingCb
                0x0000000000802d43        0x2 build/default/production/mcc_generated_files/winc/socket/socket.o
 .bss.gbSocketInit
                0x0000000000802d45        0x1 build/default/production/mcc_generated_files/winc/socket/socket.o
 .bss.gpfAppResolveCb
                0x0000000000802d46        0x2 build/default/production/mcc_generated_files/winc/socket/socket.o
 .bss.gpfAppSocketCb
                0x0000000000802d48        0x2 build/default/production/mcc_generated_files/winc/socket/socket.o
 .bss.gu16SessionID
                0x0000000000802d4a        0x2 build/default/production/mcc_generated_files/winc/socket/socket.o
 .bss.gastrSockets
                0x0000000000802d4c       0x79 build/default/production/mcc_generated_files/winc/socket/socket.o
 .bss.stop      0x0000000000802dc5        0x2 build/default/production/main.o
                0x0000000000802dc5                stop
 .bss.messageDecoded
                0x0000000000802dc7        0x1 build/default/production/main.o
                0x0000000000802dc7                messageDecoded
 .bss.wifi_connected
                0x0000000000802dc8        0x1 build/default/production/main.o
 *(COMMON)
 COMMON         0x0000000000802dc9       0xf2 build/default/production/mcc_generated_files/cli/cli.o
                0x0000000000802dc9                secondsPassed
                0x0000000000802dca                command
                0x0000000000802e2e                deviceID
                0x0000000000802e2f                index
                0x0000000000802e30                Password
                0x0000000000802e70                valuesSet
                0x0000000000802e71                CLI_task_timer
                0x0000000000802e7b                SSID
 COMMON         0x0000000000802ebb      0x7d1 build/default/production/main.o
                0x0000000000802ebb                messageOut
                0x00000000008032a3                globalMessage
                0x000000000080368b                returnLength
 COMMON         0x000000000080368c        0x6 /home/thebester5/Documents/SeniorDesign/AVRCompiler/avr8-gnu-toolchain-linux_x86_64/bin/../lib/gcc/avr/5.4.0/../../../../avr/lib/avrxmega3/libc.a(iob.o)
                0x000000000080368c                __iob
                0x0000000000803692                PROVIDE (__bss_end, .)
                0x0000000000004e02                __data_load_start = LOADADDR (.data)
                0x0000000000004e88                __data_load_end = (__data_load_start + SIZEOF (.data))

.noinit         0x0000000000803692        0x0
                [!provide]                        PROVIDE (__noinit_start, .)
 *(.noinit*)
                [!provide]                        PROVIDE (__noinit_end, .)
                0x0000000000803692                _end = .
                [!provide]                        PROVIDE (__heap_start, .)

.eeprom         0x0000000000810000        0x0
 *(.eeprom*)
                0x0000000000810000                __eeprom_end = .

.fuse           0x0000000000820000        0x9
 *(.fuse)
 .fuse          0x0000000000820000        0x9 build/default/production/mcc_generated_files/device_config.o
                0x0000000000820000                __fuse
 *(.lfuse)
 *(.hfuse)
 *(.efuse)

.lock
 *(.lock*)

.signature
 *(.signature*)

.user_signatures
 *(.user_signatures*)

.stab
 *(.stab)

.stabstr
 *(.stabstr)

.stab.excl
 *(.stab.excl)

.stab.exclstr
 *(.stab.exclstr)

.stab.index
 *(.stab.index)

.stab.indexstr
 *(.stab.indexstr)

.comment        0x0000000000000000       0x5c
 *(.comment)
 .comment       0x0000000000000000       0x30 build/default/production/http_lib/http_client.o
                                         0x31 (size before relaxing)
 .comment       0x0000000000000030       0x31 build/default/production/mcc_generated_files/cli/cli.o
 .comment       0x0000000000000030       0x31 build/default/production/mcc_generated_files/drivers/spi_master.o
 .comment       0x0000000000000030       0x31 build/default/production/mcc_generated_files/drivers/timeout.o
 .comment       0x0000000000000030       0x31 build/default/production/mcc_generated_files/drivers/i2c_simple_master.o
 .comment       0x0000000000000030       0x31 build/default/production/mcc_generated_files/src/pin_manager.o
 .comment       0x0000000000000030       0x31 build/default/production/mcc_generated_files/src/cpuint.o
 .comment       0x0000000000000030       0x31 build/default/production/mcc_generated_files/src/spi0.o
 .comment       0x0000000000000030       0x31 build/default/production/mcc_generated_files/src/usart2.o
 .comment       0x0000000000000030       0x31 build/default/production/mcc_generated_files/src/rtc.o
 .comment       0x0000000000000030       0x31 build/default/production/mcc_generated_files/src/twi0_master.o
 .comment       0x0000000000000030       0x31 build/default/production/mcc_generated_files/src/nvmctrl.o
 .comment       0x0000000000000030       0x31 build/default/production/mcc_generated_files/src/adc0.o
 .comment       0x0000000000000030       0x31 build/default/production/mcc_generated_files/winc/driver/winc_spi.o
 .comment       0x0000000000000030       0x31 build/default/production/mcc_generated_files/winc/driver/winc_adapter.o
 .comment       0x0000000000000030       0x31 build/default/production/mcc_generated_files/winc/driver/winc_hif.o
 .comment       0x0000000000000030       0x31 build/default/production/mcc_generated_files/winc/driver/winc_asic.o
 .comment       0x0000000000000030       0x31 build/default/production/mcc_generated_files/winc/driver/winc_drv.o
 .comment       0x0000000000000030       0x31 build/default/production/mcc_generated_files/winc/m2m/m2m_wifi.o
 .comment       0x0000000000000030       0x31 build/default/production/mcc_generated_files/winc/m2m/m2m_fwinfo.o
 .comment       0x0000000000000030       0x31 build/default/production/mcc_generated_files/winc/socket/socket.o
 .comment       0x0000000000000030       0x31 build/default/production/mcc_generated_files/mcc.o
 .comment       0x0000000000000030       0x31 build/default/production/mcc_generated_files/device_config.o
 .comment       0x0000000000000030       0x31 build/default/production/mcc_generated_files/led.o
 .comment       0x0000000000000030       0x31 build/default/production/mcc_generated_files/delay.o
 .comment       0x0000000000000030       0x31 build/default/production/main.o
 .comment       0x0000000000000030       0x31 build/default/production/sensors.o
 .comment       0x0000000000000030       0x2c /home/thebester5/Documents/SeniorDesign/AVRCompiler/avr8-gnu-toolchain-linux_x86_64/bin/../lib/gcc/avr/5.4.0/../../../../avr/lib/avrxmega3/libc.a(strtok.o)
                                         0x2d (size before relaxing)
 .comment       0x000000000000005c       0x2d /home/thebester5/Documents/SeniorDesign/AVRCompiler/avr8-gnu-toolchain-linux_x86_64/bin/../lib/gcc/avr/5.4.0/../../../../avr/lib/avrxmega3/libc.a(iob.o)
 .comment       0x000000000000005c       0x2d /home/thebester5/Documents/SeniorDesign/AVRCompiler/avr8-gnu-toolchain-linux_x86_64/bin/../lib/gcc/avr/5.4.0/../../../../avr/lib/avrxmega3/libc.a(printf.o)
 .comment       0x000000000000005c       0x2d /home/thebester5/Documents/SeniorDesign/AVRCompiler/avr8-gnu-toolchain-linux_x86_64/bin/../lib/gcc/avr/5.4.0/../../../../avr/lib/avrxmega3/libc.a(puts.o)
 .comment       0x000000000000005c       0x2d /home/thebester5/Documents/SeniorDesign/AVRCompiler/avr8-gnu-toolchain-linux_x86_64/bin/../lib/gcc/avr/5.4.0/../../../../avr/lib/avrxmega3/libc.a(sprintf.o)
 .comment       0x000000000000005c       0x2d /home/thebester5/Documents/SeniorDesign/AVRCompiler/avr8-gnu-toolchain-linux_x86_64/bin/../lib/gcc/avr/5.4.0/../../../../avr/lib/avrxmega3/libc.a(vfprintf_std.o)
 .comment       0x000000000000005c       0x2d /home/thebester5/Documents/SeniorDesign/AVRCompiler/avr8-gnu-toolchain-linux_x86_64/bin/../lib/gcc/avr/5.4.0/../../../../avr/lib/avrxmega3/libc.a(fputc.o)

.note.gnu.avr.deviceinfo
                0x0000000000000000       0x40
 .note.gnu.avr.deviceinfo
                0x0000000000000000       0x40 /opt/microchip/mplabx/v5.25/packs/Microchip/ATmega_DFP/2.0.12/gcc/dev/atmega4808/avrxmega3/crtatmega4808.o

.note.gnu.build-id
 *(.note.gnu.build-id)

.debug
 *(.debug)

.line
 *(.line)

.debug_srcinfo
 *(.debug_srcinfo)

.debug_sfnames
 *(.debug_sfnames)

.debug_aranges
 *(.debug_aranges)

.debug_pubnames
 *(.debug_pubnames)

.debug_info     0x0000000000000000     0x229c
 *(.debug_info .gnu.linkonce.wi.*)
 .debug_info    0x0000000000000000     0x229c /opt/microchip/mplabx/v5.25/packs/Microchip/ATmega_DFP/2.0.12/gcc/dev/atmega4808/avrxmega3/crtatmega4808.o

.debug_abbrev   0x0000000000000000     0x20c2
 *(.debug_abbrev)
 .debug_abbrev  0x0000000000000000     0x20c2 /opt/microchip/mplabx/v5.25/packs/Microchip/ATmega_DFP/2.0.12/gcc/dev/atmega4808/avrxmega3/crtatmega4808.o

.debug_line     0x0000000000000000      0x16f
 *(.debug_line .debug_line.* .debug_line_end)
 .debug_line    0x0000000000000000      0x16f /opt/microchip/mplabx/v5.25/packs/Microchip/ATmega_DFP/2.0.12/gcc/dev/atmega4808/avrxmega3/crtatmega4808.o

.debug_frame
 *(.debug_frame)

.debug_str      0x0000000000000000      0xecd
 *(.debug_str)
 .debug_str     0x0000000000000000      0xecd /opt/microchip/mplabx/v5.25/packs/Microchip/ATmega_DFP/2.0.12/gcc/dev/atmega4808/avrxmega3/crtatmega4808.o

.debug_loc
 *(.debug_loc)

.debug_macinfo
 *(.debug_macinfo)

.debug_weaknames
 *(.debug_weaknames)

.debug_funcnames
 *(.debug_funcnames)

.debug_typenames
 *(.debug_typenames)

.debug_varnames
 *(.debug_varnames)

.debug_pubtypes
 *(.debug_pubtypes)

.debug_ranges
 *(.debug_ranges)

.debug_macro
 *(.debug_macro)
OUTPUT(dist/default/production/Demo.X.production.elf elf32-avr)
LOAD linker stubs
